============================================================
M8.5-C2 GATE EXECUTION
============================================================
Gate 1 (G-LIN):    PASS  [0.8s]
Gate 2 (G-LABEL):  PASS  [131.8s]
Gate 3 (G-SECTOR): FAIL  [262.6s]
Traceback (most recent call last):
  File "/Users/blake/Desktop/MIT/OpenWave/M8.5C2_BUILD/run_gates.py", line 48, in <module>
    g5 = run_gate_5(AGREEMENT_RUNGS, tracker.exercised)
  File "/Users/blake/Desktop/MIT/OpenWave/M8.5C2_BUILD/build/gate_checks.py", line 449, in run_gate_5
    rec = gate_record(
        gate_id='G5-STRUCTURAL',
    ...<5 lines>...
        wall_clock_seconds=dt,
    )
  File "/Users/blake/Desktop/MIT/OpenWave/M8.5C2_BUILD/build/ledger_util.py", line 48, in gate_record
    append_record(rec)
    ~~~~~~~~~~~~~^^^^^
  File "/Users/blake/Desktop/MIT/OpenWave/M8.5C2_BUILD/build/ledger_util.py", line 26, in append_record
    f.write(json.dumps(record, ensure_ascii=False) + '\n')
            ~~~~~~~~~~^^^^^^^^^^^^^^^^^^^^^^^^^^^^
  File "/opt/homebrew/Caskroom/miniforge/base/lib/python3.13/json/__init__.py", line 242, in dumps
    **kw).encode(obj)
          ~~~~~~^^^^^
  File "/opt/homebrew/Caskroom/miniforge/base/lib/python3.13/json/encoder.py", line 202, in encode
    chunks = self.iterencode(o, _one_shot=True)
  File "/opt/homebrew/Caskroom/miniforge/base/lib/python3.13/json/encoder.py", line 263, in iterencode
    return _iterencode(o, 0)
  File "/opt/homebrew/Caskroom/miniforge/base/lib/python3.13/json/encoder.py", line 182, in default
    raise TypeError(f'Object of type {o.__class__.__name__} '
                    f'is not JSON serializable')
TypeError: Object of type bool is not JSON serializable

[exited with code 1]
