PID: 86996

[exited with code 0]
============================================================
M8.5-C2 FULL QUALIFICATION RUN
============================================================

Generating § 4.3 field packet...
  Packet hash: 1210596955a2680f62e7f2b90ce19b95d0d8f6c168cf363f8322de6f52259aaf
  Generated in 2.2s

============================================================
GATE 1: G-LIN (linear operator wiring)
============================================================
Gate 1: PASS  [1.1s]

============================================================
GATE 2: G-LABEL (Casimir labeling)
============================================================
Gate 2: PASS  [158.2s]

============================================================
GATE 3: G-SECTOR (sector bases)
============================================================
Gate 3: PASS  [202.3s]

============================================================
GATE 4: G-PROJECTOR (dual-route agreement)
============================================================
  Gate 4, N=24: PASS [dual_err=2.41e-14, drop_fires=True, 388.0s]
  Gate 4, N=32: 