============================================================
CONTROL (i): linear standing wave on H_{R0,12}
============================================================
  omega = sqrt(168) = 12.961481
  T = 0.484758
  momenta = [ 20.93975566  60.47520867 -17.5324386 ]
  dt=2.423791e-02  error=2.940940e-01
  dt=1.211896e-02  error=1.272298e-01
  dt=6.059478e-03  error=5.189087e-02
  dt=3.029739e-03  error=2.264888e-02
  FAIL: finest rung error 2.26e-02 > 1e-3
  contraction rung 1: 2.31x
  FAIL: contraction 2.31 < 3.0
  contraction rung 2: 2.45x
  FAIL: contraction 2.45 < 3.0
  contraction rung 3: 2.29x
  FAIL: contraction 2.29 < 3.0
  conservation: charge_rel=1.15e-15, momenta_rel=7.124833839079861e-15

============================================================
CONTROL (ii): nonlinear constant section on E_R0
============================================================
  omega = 1.000000, k^2 = 0.5
  T_cn = 7.416299
  RK45 vs exact cn: max|diff| = 7.76e-09
  dt=3.708149e-01  error=1.813667e-01
  dt=1.854075e-01  error=8.216152e-02
  dt=9.270373e-02  error=3.743398e-02
  dt=4.635187e-02  error=1.660718e-02
  FAIL: finest rung error 1.66e-02 > 1e-3
  contraction rung 1: 2.21x
  FAIL: contraction 2.21 < 3.0
  contraction rung 2: 2.19x
  FAIL: contraction 2.19 < 3.0
  contraction rung 3: 2.25x
  FAIL: contraction 2.25 < 3.0
  conservation: charge_rel=0.00e+00, energy_envelope=1.14e-04

============================================================
MUTATION ARM: symplectic Euler on control (ii)
============================================================
  dt=3.708149e-01  error=1.182408e+00
  dt=1.854075e-01  error=3.248942e-01
  dt=9.270373e-02  error=1.200175e-01
  dt=4.635187e-02  error=4.386042e-02
  contraction rung 1: 3.64x
  contraction rung 2: 2.71x
  contraction rung 3: 2.74x
  PASS: symplectic Euler fails 3x contraction (mutation detected)

============================================================
WIRING CHECKS (N=36)
============================================================
  Control (1): max_rel_error = 0.00e+00
  PASS
  Control (2): max_rel_error = 2.31e-15
  PASS

============================================================
GATE 8: FAIL
============================================================

Gate 8: FAIL

[exited with code 0]
