PID: 88271

[exited with code 0]
============================================================
M8.5-C2 FULL QUALIFICATION RUN
============================================================

Generating § 4.3 field packet...
  Packet hash: 1210596955a2680f62e7f2b90ce19b95d0d8f6c168cf363f8322de6f52259aaf
  Generated in 1.0s

============================================================
GATE 1: G-LIN (linear operator wiring)
============================================================
Gate 1: PASS  [0.5s]

============================================================
GATE 2: G-LABEL (Casimir labeling)
============================================================
Gate 2: PASS  [80.3s]

============================================================
GATE 3: G-SECTOR (sector bases)
============================================================
Gate 3: PASS  [161.1s]

============================================================
GATE 4: G-PROJECTOR (dual-route agreement)
============================================================
  Gate 4, N=24: PASS [dual_err=2.41e-14, drop_fires=True, 17.0s]
  Gate 4, N=32: PASS [dual_err=1.01e-13, drop_fires=True, 126.6s]
  Gate 4, N=36: PASS [dual_err=2.61e-13, drop_fires=True, 261.8s]
  Gate 4, N=40: PASS [dual_err=7.76e-13, drop_fires=True, 497.6s]
  Gate 4, N=44: 