
===== t1_t3_symbolic.py =====
PASS  T1 induced-metric determinant equals hand formula
PASS  T1 d2/dt2 density at t=0 equals |grad phi|^2 - 2 phi^2/R^2
PASS  T1 first derivative of density at t=0 vanishes (totally geodesic)
PASS  T2 indicial exponents are +nu, -nu
PASS  T2 tan^(+nu)(r/2) solves the sector ODE at lambda=0
PASS  T2 tan^(-nu)(r/2) solves the sector ODE at lambda=0
PASS  T2 r^-nu square integrable for nu=1/2
PASS  T2 r^-1 norm on [eps,1] is log(1/eps) (diverges, nu=1 limit-point)
PASS  T3 sector ODE solved by sin^nu C_0^(nu+1/2), lambda=(nu+0)(nu+1)
PASS  T3 sector ODE solved by sin^nu C_1^(nu+1/2), lambda=(nu+1)(nu+2)
PASS  T3 sector ODE solved by sin^nu C_2^(nu+1/2), lambda=(nu+2)(nu+3)
PASS  T3 sector ODE solved by sin^nu C_3^(nu+1/2), lambda=(nu+3)(nu+4)
PASS  T3 sector ODE solved by sin^nu C_4^(nu+1/2), lambda=(nu+4)(nu+5)
PASS  T3 sector ODE solved by sin^nu C_5^(nu+1/2), lambda=(nu+5)(nu+6)
PASS  T3 orthogonality m=0,2 in weight (1-x^2)^nu
PASS  T3 orthogonality m=1,3 in weight (1-x^2)^nu
PASS  T3 orthogonality m=2,4 in weight (1-x^2)^nu

===== t1_t3_symbolic.py --plant =====
FAIL  T1 induced-metric determinant equals hand formula
FAIL  T1 d2/dt2 density at t=0 equals |grad phi|^2 - 2 phi^2/R^2
FAIL  T1 first derivative of density at t=0 vanishes (totally geodesic)
FAIL  T2 indicial exponents are +nu, -nu
FAIL  T2 tan^(+nu)(r/2) solves the sector ODE at lambda=0
FAIL  T2 tan^(-nu)(r/2) solves the sector ODE at lambda=0
FAIL  T2 r^-nu square integrable for nu=1/2
FAIL  T2 r^-1 norm on [eps,1] is log(1/eps) (diverges, nu=1 limit-point)
FAIL  T3 sector ODE solved by sin^nu C_0^(nu+1/2), lambda=(nu+0)(nu+1)
FAIL  T3 sector ODE solved by sin^nu C_1^(nu+1/2), lambda=(nu+1)(nu+2)
FAIL  T3 sector ODE solved by sin^nu C_2^(nu+1/2), lambda=(nu+2)(nu+3)
FAIL  T3 sector ODE solved by sin^nu C_3^(nu+1/2), lambda=(nu+3)(nu+4)
FAIL  T3 sector ODE solved by sin^nu C_4^(nu+1/2), lambda=(nu+4)(nu+5)
FAIL  T3 sector ODE solved by sin^nu C_5^(nu+1/2), lambda=(nu+5)(nu+6)
FAIL  T3 orthogonality m=0,2 in weight (1-x^2)^nu
FAIL  T3 orthogonality m=1,3 in weight (1-x^2)^nu
FAIL  T3 orthogonality m=2,4 in weight (1-x^2)^nu

===== t3_t5_exact.py =====
W=1/4    nu_1=6.283185307180  lowest six: (1,0) 45.761602911537, (1,1) 60.327973525896, (1,2) 76.894344140255, (1,3) 95.460714754615, (1,4) 116.027085368974, (1,5) 138.593455983333
          lambda_1(J) = -2 + 2*pi + 4*pi**2 = 43.761602911537 (positive); index 0, nullity 0
W=1/2    nu_1=3.141592653590  lowest six: (1,0) 13.011197054679, (1,1) 21.294382361859, (1,2) 31.577567669038, (1,3) 43.860752976218, (2,0) 45.761602911537, (1,4) 58.143938283397
          lambda_1(J) = -2 + pi + pi**2 = 11.011197054679 (positive); index 0, nullity 0
W=1      nu_1=1.570796326795  lowest six: (1,0) 4.038197427067, (1,1) 9.179790080657, (2,0) 13.011197054679, (1,2) 16.321382734247, (2,1) 21.294382361859, (1,3) 25.462975387837
          lambda_1(J) = -(2 - pi)*(pi + 4)/4 = 2.038197427067 (positive); index 0, nullity 0
W=7/5    nu_1=1.121997376282  lowest six: (1,0) 2.380875488666, (1,1) 6.624870241230, (2,0) 7.279507202100, (1,2) 12.868864993794, (2,1) 13.767496707228, (3,0) 14.695895140301
          lambda_1(J) = -2 + 5*pi/14 + 25*pi**2/196 = 0.380875488666 (positive); index 0, nullity 0
W=3/2    nu_1=1.047197551197  lowest six: (1,0) 2.143820262429, (1,1) 6.238215364822, (2,0) 6.480885947322, (1,2) 12.332610467215, (2,1) 12.669676152108, (3,0) 13.011197054679
          lambda_1(J) = -(3 - pi)*(pi + 6)/9 = 0.143820262429 (positive); index 0, nullity 0
W=pi/2   nu_1=1.000000000000  lowest six: (1,0) 2.000000000000, (1,1) 6.000000000000, (2,0) 6.000000000000, (1,2) 12.000000000000, (2,1) 12.000000000000, (3,0) 12.000000000000
          lambda_1(J) = 0 = 0.000000000000 (zero); index 0, nullity 1
W=17/10  nu_1=0.923997839291  lowest six: (1,0) 1.777769846306, (2,0) 5.263083706641, (1,1) 5.625765524888, (3,0) 10.455941581005, (2,1) 10.959075063805, (1,2) 11.473761203470
          lambda_1(J) = -2 + 25*pi**2/289 + 5*pi/17 = -0.222230153694 (negative); index 1, nullity 0
PASS  closed form gives hemisphere value lambda_1(pi/2) = 2

===== t3_t5_exact.py --plant =====
W=1/4    nu_1=12.566370614359  lowest six: (1,0) 170.480041031789, (1,1) 197.612782260507, (1,2) 226.745523489226, (1,3) 257.878264717944, (1,4) 291.011005946662, (1,5) 326.143747175381
          lambda_1(J) = -2 + 4*pi + 16*pi**2 = 168.480041031789 (positive); index 0, nullity 0
W=1/2    nu_1=6.283185307180  lowest six: (1,0) 45.761602911537, (1,1) 60.327973525896, (1,2) 76.894344140255, (1,3) 95.460714754615, (1,4) 116.027085368974, (1,5) 138.593455983333
          lambda_1(J) = -2 + 2*pi + 4*pi**2 = 43.761602911537 (positive); index 0, nullity 0
W=1      nu_1=3.141592653590  lowest six: (1,0) 13.011197054679, (1,1) 21.294382361859, (1,2) 31.577567669038, (1,3) 43.860752976218, (2,0) 45.761602911537, (1,4) 58.143938283397
          lambda_1(J) = -2 + pi + pi**2 = 11.011197054679 (positive); index 0, nullity 0
W=7/5    nu_1=2.243994752564  lowest six: (1,0) 7.279507202100, (1,1) 13.767496707228, (1,2) 22.255486212356, (2,0) 24.630039303270, (1,3) 32.743475717484, (2,1) 35.606018313526
          lambda_1(J) = -2 + 5*pi/7 + 25*pi**2/49 = 5.279507202100 (positive); index 0, nullity 0
W=3/2    nu_1=2.094395102393  lowest six: (1,0) 6.480885947322, (1,1) 12.669676152108, (1,2) 20.858466356895, (2,0) 21.734753584501, (1,3) 31.047256561681, (2,1) 32.112333994074
          lambda_1(J) = -2 + 2*pi/3 + 4*pi**2/9 = 4.480885947322 (positive); index 0, nullity 0
W=pi/2   nu_1=2.000000000000  lowest six: (1,0) 6.000000000000, (1,1) 12.000000000000, (1,2) 20.000000000000, (2,0) 20.000000000000, (1,3) 30.000000000000, (2,1) 30.000000000000
          lambda_1(J) = 4 = 4.000000000000 (positive); index 0, nullity 0
W=17/10  nu_1=1.847995678582  lowest six: (1,0) 5.263083706641, (1,1) 10.959075063805, (2,0) 17.356343469399, (1,2) 18.655066420970, (2,1) 26.748326183728, (1,3) 28.351057778134
          lambda_1(J) = -2 + 10*pi/17 + 100*pi**2/289 = 3.263083706641 (positive); index 0, nullity 0
FAIL  closed form gives hemisphere value lambda_1(pi/2) = 2

===== t4_fem.py --checks =====
PASS  W=0.250000 weighted area 1.000000000000002 equals 4W=1.000000000000000
PASS  W=0.250000 seam dof map reproduces phi(pi,w) (max err 6.58e-17)
PASS  W=0.250000 K, M symmetric (asym 2.2e-19) and M positive definite (min eig 2.574e-06)
PASS  W=1.570796 weighted area 6.283185307179601 equals 4W=6.283185307179586
PASS  W=1.570796 seam dof map reproduces phi(pi,w) (max err 1.11e-16)
PASS  W=1.570796 K, M symmetric (asym 1.7e-18) and M positive definite (min eig 1.617e-05)
PASS  W=1.700000 weighted area 6.800000000000010 equals 4W=6.800000000000000
PASS  W=1.700000 seam dof map reproduces phi(pi,w) (max err 3.33e-16)
PASS  W=1.700000 K, M symmetric (asym 1.7e-18) and M positive definite (min eig 1.750e-05)

===== t4_fem.py --checks --plant =====
FAIL  W=0.250000 weighted area 0.000000000000000 equals 4W=1.000000000000000
FAIL  W=0.250000 seam dof map reproduces phi(pi,w) (max err 2.00e+00)
FAIL  W=0.250000 K, M symmetric (asym 2.2e-19) and M positive definite (min eig -9.272e-03)
FAIL  W=1.570796 weighted area 0.000000000000002 equals 4W=6.283185307179586
FAIL  W=1.570796 seam dof map reproduces phi(pi,w) (max err 2.06e+00)
FAIL  W=1.570796 K, M symmetric (asym 1.7e-18) and M positive definite (min eig -5.826e-02)
FAIL  W=1.700000 weighted area 0.000000000000001 equals 4W=6.800000000000000
FAIL  W=1.700000 seam dof map reproduces phi(pi,w) (max err 2.08e+00)
FAIL  W=1.700000 K, M symmetric (asym 1.7e-18) and M positive definite (min eig -6.305e-02)

===== t4_fem.py =====
W=1/4    level 0 (32x8 cells, 217 dofs): 47.1476815893 64.3714547952 84.6915018190 108.6934750033 136.4154980252 168.6695606584
W=1/4    level 1 (64x16 cells, 945 dofs): 46.1158097873 61.3603140582 78.8877413710 98.8254717310 121.2388143889 146.2524103195
W=1/4    level 2 (128x32 cells, 3937 dofs): 45.8507607068 60.5876239882 77.3958886140 96.3059030453 117.3368920021 140.5159219711
W=1/4    level 3 (256x64 cells, 16065 dofs): 45.7839334422 60.3929885130 77.0199405617 95.6722742148 116.3549771052 139.0745629759
W=1/4    level 4 (512x128 cells, 64897 dofs): 45.7671881775 60.3442337480 76.9257565912 95.5136212459 116.1090860824 138.7137636496
W=1/4    p=1.996684 extrap=45.761589281931 err=5.599e-03
W=1/2    level 0 (32x8 cells, 217 dofs): 13.3126078573 22.2194759002 33.5685384037 47.5942447618 49.0137421855 64.5646145956
W=1/2    level 1 (64x16 cells, 945 dofs): 13.0868167765 21.5264939056 32.0818941344 44.8064220477 46.5844116303 59.7650030564
W=1/2    level 2 (128x32 cells, 3937 dofs): 13.0301243623 21.3524704626 31.7040809952 44.0979832459 45.9683874194 58.5501859128
W=1/2    level 3 (256x64 cells, 16065 dofs): 13.0159304072 21.3089083119 31.6092235266 43.9201125170 45.8133785900 58.2455624934
W=1/2    level 4 (512x128 cells, 64897 dofs): 13.0123804907 21.2980140974 31.5854833648 43.8755961305 45.7745520368 58.1693482552
W=1/2    p=1.999420 extrap=13.011196550217 err=1.184e-03
W=1      level 0 (32x8 cells, 217 dofs): 4.1201239976 9.4810950163 13.8719077087 17.1000342615 23.2813603638 27.0897906115
W=1      level 1 (64x16 cells, 945 dofs): 4.0586293941 9.2550724839 13.2272330236 16.5131874034 21.7956917617 25.8624441097
W=1      level 2 (128x32 cells, 3937 dofs): 4.0433027231 9.1986088226 13.0652528523 16.3691893425 21.4199131927 25.5625075009
W=1      level 3 (256x64 cells, 16065 dofs): 4.0394735914 9.1844946696 13.0247140008 16.3333259491 21.3257768571 25.4878394837
W=1      level 4 (512x128 cells, 64897 dofs): 4.0385164584 9.1809662222 13.0145764817 16.3243680206 21.3022317097 25.4691902608
W=1      p=2.000226 extrap=4.038197480573 err=3.190e-04
W=7/5    level 0 (32x8 cells, 217 dofs): 2.4282858380 6.8267585220 7.7650797853 13.4222387659 15.0293106368 16.7663490529
W=7/5    level 1 (64x16 cells, 945 dofs): 2.3926822162 6.6752602421 7.3997509968 13.0064837665 14.0806251808 15.2071295106
W=7/5    level 2 (128x32 cells, 3937 dofs): 2.3838245317 6.6374635061 7.3094955941 12.9032375064 13.8456190717 14.8231821257
W=7/5    level 3 (256x64 cells, 16065 dofs): 2.3816126002 6.6280183693 7.2869998074 12.8774565389 13.7870172098 14.7276833601
W=7/5    level 4 (512x128 cells, 64897 dofs): 2.3810597597 6.6256572743 7.2813800739 12.8710128223 13.7723762014 14.7038400940
W=7/5    p=2.000371 extrap=2.380875542763 err=1.842e-04
W=3/2    level 0 (32x8 cells, 217 dofs): 2.1865024844 6.4263245361 6.9140518166 12.8549195651 13.8285296756 14.8551467853
W=3/2    level 1 (64x16 cells, 945 dofs): 2.1544479192 6.2851612727 6.5879966135 12.4625954396 12.9567352005 13.4647893694
W=3/2    level 2 (128x32 cells, 3937 dofs): 2.1464748164 6.2499481908 6.5075889694 12.3650833310 12.7412629814 13.1240244452
W=3/2    level 3 (256x64 cells, 16065 dofs): 2.1444837946 6.2411485492 6.4875570675 12.3407279985 12.6875616560 13.0393673763
W=3/2    level 4 (512x128 cells, 64897 dofs): 2.1439861476 6.2389487041 6.4825534386 12.3346399375 12.6741468272 13.0182373457
W=3/2    p=2.000314 extrap=2.143820313410 err=1.658e-04
W=pi/2   level 0 (32x8 cells, 217 dofs): 2.0398446446 6.1798114043 6.4016403433 12.5035338084 13.0966272424 13.7071188919
W=pi/2   level 1 (64x16 cells, 945 dofs): 2.0099207147 6.0448742180 6.0992291697 12.1253672917 12.2713472267 12.4190106864
W=pi/2   level 2 (128x32 cells, 3937 dofs): 2.0024781130 6.0112158016 6.0247325760 12.0313247125 12.0676504257 12.1041670094
W=pi/2   level 3 (256x64 cells, 16065 dofs): 2.0006194788 6.0028041737 6.0061784976 12.0078313970 12.0169008856 12.0260043340
W=pi/2   level 4 (512x128 cells, 64897 dofs): 2.0001548856 6.0007011524 6.0015443348 12.0019581322 12.0042244883 12.0064987382
W=pi/2   p=2.000203 extrap=2.000000050300 err=1.548e-04
W=17/10  level 0 (32x8 cells, 217 dofs): 1.8132823372 5.6164590398 5.7928633358 11.9463898560 11.9549594879 11.9599043885
W=17/10  level 1 (64x16 cells, 945 dofs): 1.7866129810 5.3502722352 5.6674720810 10.8221677892 11.2062932234 11.5920255262
W=17/10  level 2 (128x32 cells, 3937 dofs): 1.7799794312 5.2848076529 5.6361926219 10.5469091989 11.0206837269 11.5033239002
W=17/10  level 3 (256x64 cells, 16065 dofs): 1.7783224013 5.2685101338 5.6283734585 10.4786459308 10.9744649295 11.4811549184
W=17/10  level 4 (512x128 cells, 64897 dofs): 1.7779080592 5.2644400290 5.6264178922 10.4616153144 10.9629217611 11.4756106715
W=17/10  p=1.999706 extrap=1.777769907611 err=1.382e-04

===== collect.py =====

### W = 1/4

| level | λ1 | λ2 | λ3 | λ4 | λ5 | λ6 |
|---|---|---|---|---|---|---|
| 0 | 47.1476815893 | 64.3714547952 | 84.6915018190 | 108.6934750033 | 136.4154980252 | 168.6695606584 |
| 1 | 46.1158097873 | 61.3603140582 | 78.8877413710 | 98.8254717310 | 121.2388143889 | 146.2524103195 |
| 2 | 45.8507607068 | 60.5876239882 | 77.3958886140 | 96.3059030453 | 117.3368920021 | 140.5159219711 |
| 3 | 45.7839334422 | 60.3929885130 | 77.0199405617 | 95.6722742148 | 116.3549771052 | 139.0745629759 |
| 4 | 45.7671881775 | 60.3442337480 | 76.9257565912 | 95.5136212459 | 116.1090860824 | 138.7137636496 |
| exact | 45.7616029115 | 60.3279735259 | 76.8943441403 | 95.4607147546 | 116.0270853690 | 138.5934559833 |

p = 1.996684, extrap = 45.761589281931, err = 5.599e-03, extrap - exact = -1.363e-05

### W = 1/2

| level | λ1 | λ2 | λ3 | λ4 | λ5 | λ6 |
|---|---|---|---|---|---|---|
| 0 | 13.3126078573 | 22.2194759002 | 33.5685384037 | 47.5942447618 | 49.0137421855 | 64.5646145956 |
| 1 | 13.0868167765 | 21.5264939056 | 32.0818941344 | 44.8064220477 | 46.5844116303 | 59.7650030564 |
| 2 | 13.0301243623 | 21.3524704626 | 31.7040809952 | 44.0979832459 | 45.9683874194 | 58.5501859128 |
| 3 | 13.0159304072 | 21.3089083119 | 31.6092235266 | 43.9201125170 | 45.8133785900 | 58.2455624934 |
| 4 | 13.0123804907 | 21.2980140974 | 31.5854833648 | 43.8755961305 | 45.7745520368 | 58.1693482552 |
| exact | 13.0111970547 | 21.2943823619 | 31.5775676690 | 43.8607529762 | 45.7616029115 | 58.1439382834 |

p = 1.999420, extrap = 13.011196550217, err = 1.184e-03, extrap - exact = -5.045e-07

### W = 1

| level | λ1 | λ2 | λ3 | λ4 | λ5 | λ6 |
|---|---|---|---|---|---|---|
| 0 | 4.1201239976 | 9.4810950163 | 13.8719077087 | 17.1000342615 | 23.2813603638 | 27.0897906115 |
| 1 | 4.0586293941 | 9.2550724839 | 13.2272330236 | 16.5131874034 | 21.7956917617 | 25.8624441097 |
| 2 | 4.0433027231 | 9.1986088226 | 13.0652528523 | 16.3691893425 | 21.4199131927 | 25.5625075009 |
| 3 | 4.0394735914 | 9.1844946696 | 13.0247140008 | 16.3333259491 | 21.3257768571 | 25.4878394837 |
| 4 | 4.0385164584 | 9.1809662222 | 13.0145764817 | 16.3243680206 | 21.3022317097 | 25.4691902608 |
| exact | 4.0381974271 | 9.1797900807 | 13.0111970547 | 16.3213827342 | 21.2943823619 | 25.4629753878 |

p = 2.000226, extrap = 4.038197480573, err = 3.190e-04, extrap - exact = 5.351e-08

### W = 7/5

| level | λ1 | λ2 | λ3 | λ4 | λ5 | λ6 |
|---|---|---|---|---|---|---|
| 0 | 2.4282858380 | 6.8267585220 | 7.7650797853 | 13.4222387659 | 15.0293106368 | 16.7663490529 |
| 1 | 2.3926822162 | 6.6752602421 | 7.3997509968 | 13.0064837665 | 14.0806251808 | 15.2071295106 |
| 2 | 2.3838245317 | 6.6374635061 | 7.3094955941 | 12.9032375064 | 13.8456190717 | 14.8231821257 |
| 3 | 2.3816126002 | 6.6280183693 | 7.2869998074 | 12.8774565389 | 13.7870172098 | 14.7276833601 |
| 4 | 2.3810597597 | 6.6256572743 | 7.2813800739 | 12.8710128223 | 13.7723762014 | 14.7038400940 |
| exact | 2.3808754887 | 6.6248702412 | 7.2795072021 | 12.8688649938 | 13.7674967072 | 14.6958951403 |

p = 2.000371, extrap = 2.380875542763, err = 1.842e-04, extrap - exact = 5.410e-08

### W = 3/2

| level | λ1 | λ2 | λ3 | λ4 | λ5 | λ6 |
|---|---|---|---|---|---|---|
| 0 | 2.1865024844 | 6.4263245361 | 6.9140518166 | 12.8549195651 | 13.8285296756 | 14.8551467853 |
| 1 | 2.1544479192 | 6.2851612727 | 6.5879966135 | 12.4625954396 | 12.9567352005 | 13.4647893694 |
| 2 | 2.1464748164 | 6.2499481908 | 6.5075889694 | 12.3650833310 | 12.7412629814 | 13.1240244452 |
| 3 | 2.1444837946 | 6.2411485492 | 6.4875570675 | 12.3407279985 | 12.6875616560 | 13.0393673763 |
| 4 | 2.1439861476 | 6.2389487041 | 6.4825534386 | 12.3346399375 | 12.6741468272 | 13.0182373457 |
| exact | 2.1438202624 | 6.2382153648 | 6.4808859473 | 12.3326104672 | 12.6696761521 | 13.0111970547 |

p = 2.000314, extrap = 2.143820313410, err = 1.658e-04, extrap - exact = 5.098e-08

### W = pi/2

| level | λ1 | λ2 | λ3 | λ4 | λ5 | λ6 |
|---|---|---|---|---|---|---|
| 0 | 2.0398446446 | 6.1798114043 | 6.4016403433 | 12.5035338084 | 13.0966272424 | 13.7071188919 |
| 1 | 2.0099207147 | 6.0448742180 | 6.0992291697 | 12.1253672917 | 12.2713472267 | 12.4190106864 |
| 2 | 2.0024781130 | 6.0112158016 | 6.0247325760 | 12.0313247125 | 12.0676504257 | 12.1041670094 |
| 3 | 2.0006194788 | 6.0028041737 | 6.0061784976 | 12.0078313970 | 12.0169008856 | 12.0260043340 |
| 4 | 2.0001548856 | 6.0007011524 | 6.0015443348 | 12.0019581322 | 12.0042244883 | 12.0064987382 |
| exact | 2.0000000000 | 6.0000000000 | 6.0000000000 | 12.0000000000 | 12.0000000000 | 12.0000000000 |

p = 2.000203, extrap = 2.000000050300, err = 1.548e-04, extrap - exact = 5.030e-08

### W = 17/10

| level | λ1 | λ2 | λ3 | λ4 | λ5 | λ6 |
|---|---|---|---|---|---|---|
| 0 | 1.8132823372 | 5.6164590398 | 5.7928633358 | 11.9463898560 | 11.9549594879 | 11.9599043885 |
| 1 | 1.7866129810 | 5.3502722352 | 5.6674720810 | 10.8221677892 | 11.2062932234 | 11.5920255262 |
| 2 | 1.7799794312 | 5.2848076529 | 5.6361926219 | 10.5469091989 | 11.0206837269 | 11.5033239002 |
| 3 | 1.7783224013 | 5.2685101338 | 5.6283734585 | 10.4786459308 | 10.9744649295 | 11.4811549184 |
| 4 | 1.7779080592 | 5.2644400290 | 5.6264178922 | 10.4616153144 | 10.9629217611 | 11.4756106715 |
| exact | 1.7777698463 | 5.2630837066 | 5.6257655249 | 10.4559415810 | 10.9590750638 | 11.4737612035 |

p = 1.999706, extrap = 1.777769907611, err = 1.382e-04, extrap - exact = 6.131e-08
