=== fem2d_q2.py
A W=1/4   N=   8 ndof=    217  45.833429808704 60.449992134357 79.469722408781 96.757006391765 128.432855436154 157.824768218481  res=5.4e-15
A W=1/4   N=  16 ndof=    945  45.765494130718 60.356036326140 77.023263443573 95.799764798284 117.114699013883 139.726359861237  res=2.2e-14
A W=1/4   N=  32 ndof=   3937  45.761849724252 60.329950144848 76.902789722462 95.489057256126 116.096062206084 138.742666652385  res=6.9e-14
A W=1/4   N=  64 ndof=  16065  45.761618438322 60.328100059478 76.894885508478 95.462571594274 116.031605191461 138.603514848731  res=3.1e-13
A W=1/4   N= 128 ndof=  64897  45.761603883664 60.327981480307 76.894378204958 95.460832133269 116.027371483044 138.594096131361  res=1.3e-12
A W=1/4   N= 256 ndof= 260865  45.761602972323 60.327974023760 76.894346272935 95.460722111507 116.027103308996 138.593496172833  res=5.2e-12
A W=1/4   bottom extrap=45.761602911448 p=3.9973458417834715 err=6.09e-08 (combined 6.09e-08)
A W=1/2   N=   8 ndof=    217  13.020831765754 21.344291927464 32.007970304224 44.149235478461 46.132807166808 60.792767291487  res=4.6e-15
A W=1/2   N=  16 ndof=    945  13.011799672721 21.299087062882 31.601198891349 43.949712036169 45.785926868861 58.404443361316  res=1.9e-14
A W=1/2   N=  32 ndof=   3937  13.011235074218 21.294694772584 31.579108784917 43.867150039998 45.763158416268 58.161364055980  res=7.7e-14
A W=1/2   N=  64 ndof=  16065  13.011199437633 21.294402158999 31.577665395530 43.861164657693 45.761700748368 58.145060379250  res=3.1e-13
A W=1/2   N= 128 ndof=  64897  13.011197203722 21.294383603381 31.577573800203 43.860778890662 45.761609036211 58.144008969323  res=1.2e-12
A W=1/2   N= 256 ndof= 260865  13.011197063995 21.294382439516 31.577568052599 43.860754598749 45.761603294485 58.143942710082  res=5.0e-12
A W=1/2   bottom extrap=13.011197054673 p=3.9988895252715695 err=9.32e-09 (combined 9.32e-09)
A W=1     N=   8 ndof=    217  4.040085863486 9.192524684923 13.101058980353 16.413716460220 21.446729451343 25.683553931577  res=4.2e-15
A W=1     N=  16 ndof=    945  4.038318079816 9.180742063022 13.017284003449 16.327071092352 21.306079587891 25.491970356872  res=1.9e-14
A W=1     N=  32 ndof=   3937  4.038205016829 9.179851768969 13.011586362116 16.321748985544 21.295142535524 25.464962076186  res=8.1e-14
A W=1     N=  64 ndof=  16065  4.038197902225 9.179793969673 13.011221531941 16.321405834155 21.294430320555 25.463102147908  res=3.4e-13
A W=1     N= 128 ndof=  64897  4.038197456777 9.179790324241 13.011198586810 16.321384181406 21.294385366271 25.462983350633  res=1.4e-12
A W=1     N= 256 ndof= 260865  4.038197428924 9.179790095888 13.011197150473 16.321382824747 21.294382549743 25.462975886140  res=5.7e-12
A W=1     bottom extrap=4.038197427066 p=3.999360667765213 err=1.86e-09 (combined 1.86e-09)
A W=7/5   N=   8 ndof=    217  2.381839664862 6.631657490255 7.326856902859 12.919546068000 13.852360474770 15.134005654271  res=8.1e-15
A W=7/5   N=  16 ndof=    945  2.380937161975 6.625355708626 7.282725064177 12.872054136853 13.773624137146 14.728698932779  res=2.9e-14
A W=7/5   N=  32 ndof=   3937  2.380879366914 6.624901488421 7.279713031417 12.869069442689 13.767892110697 14.698051036063  res=1.2e-13
A W=7/5   N=  64 ndof=  16065  2.380875731433 6.624872208168 7.279520143318 12.868877869172 13.767521615623 14.696031686389  res=5.1e-13
A W=7/5   N= 128 ndof=  64897  2.380875503845 6.624870364383 7.279508012140 12.868865800090 13.767498267070 14.695903703269  res=2.2e-12
A W=7/5   N= 256 ndof= 260865  2.380875489616 6.624870248931 7.279507252747 12.868865044215 13.767496804766 14.695895675941  res=8.6e-12
A W=7/5   bottom extrap=2.380875488667 p=3.9994938585884996 err=9.49e-10 (combined 9.49e-10)
A W=3/2   N=   8 ndof=    217  2.144668578298 6.244225397105 6.522537707370 12.377936295247 12.745059865208 13.395784767408  res=6.8e-15
A W=3/2   N=  16 ndof=    945  2.143874529170 6.238642359366 6.483717644275 12.335470418429 12.675076914512 13.040007716439  res=2.9e-14
A W=3/2   N=  32 ndof=   3937  2.143823674797 6.238242817388 6.481067080337 12.332793676408 12.670024314377 13.013090589146  res=1.3e-13
A W=3/2   N=  64 ndof=  16065  2.143820476030 6.238217092450 6.480897335830 12.332622002126 12.669698079774 13.011316984531  res=5.5e-13
A W=3/2   N= 128 ndof=  64897  2.143820275784 6.238215472983 6.480886660172 12.332611189518 12.669677525215 13.011204575633  res=2.3e-12
A W=3/2   N= 256 ndof= 260865  2.143820263263 6.238215371583 6.480885991891 12.332610512379 12.669676237967 13.011197525137  res=8.9e-12
A W=3/2   bottom extrap=2.143820262428 p=3.9993759735392205 err=8.35e-10 (combined 8.35e-10)
A W=pi/2  N=   8 ndof=    217  2.000780382023 6.005550383410 6.038253194313 12.042155007320 12.069684452560 12.352649175168  res=7.2e-15
A W=pi/2  N=  16 ndof=    945  2.000049923169 6.000392695980 6.002601214254 12.002664142047 12.004969691650 12.026425873138  res=2.6e-14
A W=pi/2  N=  32 ndof=   3937  2.000003139177 6.000025229349 6.000166392742 12.000170585317 12.000320179111 12.001736839905  res=1.2e-13
A W=pi/2  N=  64 ndof=  16065  2.000000196499 6.000001587457 6.000010461757 12.000010738423 12.000020162588 12.000110005806  res=4.8e-13
A W=pi/2  N= 128 ndof=  64897  2.000000012286 6.000000099382 6.000000654842 12.000000672401 12.000001262537 12.000006898610  res=2.0e-12
A W=pi/2  N= 256 ndof= 260865  2.000000000769 6.000000006215 6.000000040944 12.000000042047 12.000000078946 12.000000431530  res=8.1e-12
A W=pi/2  bottom extrap=2.000000000001 p=3.9995443214096658 err=7.68e-10 (combined 7.68e-10)
A W=17/10 N=   8 ndof=    217  1.778449207863 5.296180509217 5.630625934238 10.760123363841 11.020048731301 11.511137769778  res=8.2e-15
A W=17/10 N=  16 ndof=    945  1.777813311911 5.265335020026 5.626107141531 10.478745775905 10.963393972188 11.476129019425  res=3.9e-14
A W=17/10 N=  32 ndof=   3937  1.777772579432 5.263227721340 5.625787447327 10.457440445521 10.959353056445 11.473912700257  res=1.5e-13
A W=17/10 N=  64 ndof=  16065  1.777770017388 5.263092761445 5.625766903908 10.456036514866 10.959092566216 11.473770737878  res=6.3e-13
A W=17/10 N= 128 ndof=  64897  1.777769857002 5.263084273416 5.625765611214 10.455947534442 10.959076159713 11.473761800440  res=2.4e-12
A W=17/10 N= 256 ndof= 260865  1.777769846972 5.263083742076 5.625765530282 10.455941953409 10.959075132328 11.473761240794  res=1.1e-11
A W=17/10 bottom extrap=1.777769846303 p=3.999249048300433 err=6.69e-10 (combined 6.69e-10)
=== fem1d_sectors.py
B W=1/4   N=  2  45.76161881842660 60.32805870878533 76.90118621288569 95.55959651106089 116.21415809051339 139.65713602937225
B W=1/4   N=  4  45.76160291799710 60.32798119016258 76.89447003571560 95.46095994273774 116.04323864951702 138.64779465740943
B W=1/4   N=  8  45.76160291159674 60.32797352733670 76.89434417835183 95.46071599392225 116.02708585829085 138.59354765348158
B W=1/4   N= 16  45.76160291153678 60.32797352589607 76.89434414026026 95.46071475461515 116.02708536988182 138.59345598408834
B W=1/4   N= 32  45.76160291153779 60.32797352589645 76.89434414025470 95.46071475461406 116.02708536897315 138.59345598333229
B6 W=1/4   N=  2  45.76298976687546 60.33578349942647 77.26927784175055 97.01721037708298 118.32344869859149 157.78508068934758
B6 W=1/4   N=  4  45.76160994946820 60.33025098114346 76.90706306084884 95.51182081708450 116.90357092227170 139.83330618251910
B6 W=1/4   N=  8  45.76160315650021 60.32797582946958 76.89440817737312 95.46159898427085 116.02761608314535 138.62341555547874
B6 W=1/4   N= 16  45.76160291164266 60.32797352706901 76.89434422077329 95.46071478292950 116.02709110647316 138.59345862755296
B6 W=1/4   N= 32  45.76160291153705 60.32797352589693 76.89434414026874 95.46071475475846 116.02708537005198 138.59345598797168
B W=1/4   labels(k,m)=[[1, 0], [1, 1], [1, 2], [1, 3], [1, 4], [1, 5]]
B W=1/4   best=45.76160291153779 60.32797352589645 76.89434414025470 95.46071475461406 116.02708536897146 138.59345598333229
B W=1/4   err =4.6e-11 6.0e-11 7.7e-11 6.3e-09 1.1e-09 1.5e-07  p(bottom)=None
B W=1/2   N=  2  13.01119705793426 21.29438410372246 31.57759816752171 43.86118267543619 45.76161881842660 58.16971360173856
B W=1/2   N=  4  13.01119705472745 21.29438236706844 31.57756785912640 43.86078001826505 45.76160291799710 58.14408301303742
B W=1/2   N=  8  13.01119705467922 21.29438236185912 31.57756766934446 43.86075297777530 45.76160291159674 58.14393838205587
B W=1/2   N= 16  13.01119705467904 21.29438236185852 31.57756766903811 43.86075297621811 45.76160291153678 58.14393828340538
B W=1/2   N= 32  13.01119705467919 21.29438236185843 31.57756766903800 43.86075297621759 45.76160291153779 58.14393828339718
B6 W=1/2   N=  2  13.01120481045131 21.29533410274664 31.58341730231032 43.91927251629128 45.76298976687546 59.33366440456554
B6 W=1/2   N=  4  13.01119735110211 21.29439206274441 31.57774854970591 43.87058793854989 45.76160994946820 58.16845596865713
B6 W=1/2   N=  8  13.01119705509807 21.29438236615075 31.57756963346529 43.86075750438171 45.76160315650021 58.14411153287516
B6 W=1/2   N= 16  13.01119705467937 21.29438236187626 31.57756766969331 43.86075298127029 45.76160291164266 58.14393843997785
B6 W=1/2   N= 32  13.01119705467940 21.29438236185864 31.57756766903832 43.86075297622119 45.76160291153705 58.14393828342476
B W=1/2   labels(k,m)=[[1, 0], [1, 1], [1, 2], [1, 3], [2, 0], [1, 4]]
B W=1/2   best=13.01119705467919 21.29438236185842 31.57756766903800 43.86075297621759 45.76160291153779 58.14393828339718
B W=1/2   err =1.3e-11 2.1e-11 3.2e-11 4.4e-11 4.6e-11 5.9e-11  p(bottom)=None
B W=1     N=  2  4.03819746353327 9.17979027841904 13.01119705793426 16.32138417802354 21.29438410372246 25.46304325478004
B W=1     N=  4  4.03819742707736 9.17979008072184 13.01119705472745 16.32138274019698 21.29438236706844 25.46297567674020
B W=1     N=  8  4.03819742706728 9.17979008065713 13.01119705467922 16.32138273424821 21.29438236185912 25.46297538783890
B W=1     N= 16  4.03819742706712 9.17979008065692 13.01119705467904 16.32138273424680 21.29438236185852 25.46297538783655
B W=1     N= 32  4.03819742706734 9.17979008065638 13.01119705467919 16.32138273424595 21.29438236185843 25.46297538783640
B6 W=1     N=  2  4.03819828280848 9.17979761326009 13.01120481045131 16.32155409143311 21.29533410274664 25.47846268691382
B6 W=1     N=  4  4.03819742814334 9.17979008938785 13.01119735110211 16.32140061834487 21.29439206274441 25.46331648195606
B6 W=1     N=  8  4.03819742706772 9.17979008081873 13.01119705509807 16.32138276967799 21.29438236615075 25.46297541796725
B6 W=1     N= 16  4.03819742706717 9.17979008065715 13.01119705467937 16.32138273425521 21.29438236187626 25.46297538819481
B6 W=1     N= 32  4.03819742706716 9.17979008065692 13.01119705467940 16.32138273424677 21.29438236185864 25.46297538783657
B W=1     labels(k,m)=[[1, 0], [1, 1], [2, 0], [1, 2], [2, 1], [1, 3]]
B W=1     best=4.03819742706734 9.17979008065638 13.01119705467919 16.32138273424471 21.29438236185842 25.46297538783639
B W=1     err =4.0e-12 9.2e-12 1.3e-11 1.6e-11 2.1e-11 2.5e-11  p(bottom)=None
B W=7/5   N=  2  2.38087553864564 6.62487049550208 7.27950720472751 12.86886601663563 13.76749678899001 14.69589514608298
B W=7/5   N=  4  2.38087548877595 6.62487024180739 7.27950720210030 12.86886499630937 13.76749670724985 14.69589514041931
B W=7/5   N=  8  2.38087548866610 6.62487024123122 7.27950720209955 12.86886499379769 13.76749670722776 14.69589514030088
B W=7/5   N= 16  2.38087548866563 6.62487024122985 7.27950720209909 12.86886499379385 13.76749670722740 14.69589514030051
B W=7/5   N= 32  2.38087548866553 6.62487024122950 7.27950720209976 12.86886499379359 13.76749670722774 14.69589514030061
B6 W=7/5   N=  2  2.38087603683845 6.62487284351751 7.27950734757039 12.86893072996284 13.76753340590442 14.69590662425351
B6 W=7/5   N=  4  2.38087549036503 6.62487025131801 7.27950720868671 12.86886920076132 13.76749679444522 14.69589569644535
B6 W=7/5   N=  8  2.38087548866951 6.62487024126900 7.27950720210634 12.86886500008545 13.76749670853457 14.69589514119564
B6 W=7/5   N= 16  2.38087548866585 6.62487024123012 7.27950720209956 12.86886499379572 13.76749670722953 14.69589514030115
B6 W=7/5   N= 32  2.38087548866582 6.62487024122974 7.27950720209982 12.86886499379387 13.76749670722774 14.69589514030056
B W=7/5   labels(k,m)=[[1, 0], [1, 1], [2, 0], [1, 2], [2, 1], [3, 0]]
B W=7/5   best=2.38087548866550 6.62487024122938 7.27950720209976 12.86886499379357 13.76749670722774 14.69589514030061
B W=7/5   err =2.4e-12 6.6e-12 7.3e-12 1.3e-11 1.4e-11 1.5e-11  p(bottom)=2.236458752698013
B W=3/2   N=  2  2.14382027625935 6.23821543388648 6.48088594807401 12.33261079820843 12.66967618014620 13.01119705793426
B W=3/2   N=  4  2.14382026247334 6.23821536504941 6.48088594732206 12.33261046839271 12.66967615211290 13.01119705472745
B W=3/2   N=  8  2.14382026242894 6.23821536482265 6.48088594732181 12.33261046721721 12.66967615210829 13.01119705467922
B W=3/2   N= 16  2.14382026242860 6.23821536482167 6.48088594732166 12.33261046721502 12.66967615210802 13.01119705467904
B W=3/2   N= 32  2.14382026242857 6.23821536482096 6.48088594732301 12.33261046721414 12.66967615210775 13.01119705467919
B6 W=3/2   N=  2  2.14382038480297 6.23821589809057 6.48088603455771 12.33267488733109 12.66969458046456 13.01120481045131
B6 W=3/2   N=  4  2.14382026293694 6.23821536929545 6.48088595027716 12.33261367075953 12.66967618012126 13.01119735110211
B6 W=3/2   N=  8  2.14382026243033 6.23821536484394 6.48088594732459 12.33261047175606 12.66967615301413 13.01119705509807
B6 W=3/2   N= 16  2.14382026242876 6.23821536482208 6.48088594732175 12.33261046721628 12.66967615210919 13.01119705467937
B6 W=3/2   N= 32  2.14382026242854 6.23821536482200 6.48088594732199 12.33261046721518 12.66967615210812 13.01119705467940
B W=3/2   labels(k,m)=[[1, 0], [1, 1], [2, 0], [1, 2], [2, 1], [3, 0]]
B W=3/2   best=2.14382026242857 6.23821536481911 6.48088594732301 12.33261046721355 12.66967615209443 13.01119705467919
B W=3/2   err =2.1e-12 6.2e-12 6.5e-12 1.2e-11 1.4e-11 1.3e-11  p(bottom)=3.385714687954513
B W=pi/2  N=  2  1.99999999999999 6.00000000000089 6.00000000000914 12.00000000258123 12.00000000642385 12.00000003443007
B W=pi/2  N=  4  1.99999999999998 6.00000000000005 6.00000000000007 12.00000000000137 12.00000000002631 12.00000000038400
B W=pi/2  N=  8  2.00000000000007 6.00000000000001 6.00000000000013 12.00000000000007 12.00000000000008 12.00000000000010
B W=pi/2  N= 16  1.99999999999969 5.99999999999963 5.99999999999999 11.99999999999966 11.99999999999980 11.99999999999988
B W=pi/2  N= 32  2.00000000000014 5.99999999999915 5.99999999999959 11.99999999999919 11.99999999999964 11.99999999999976
B6 W=pi/2  N=  2  2.00000000000865 6.00000001201867 6.00000009695902 12.00000543225898 12.00001254647379 12.00006766514504
B6 W=pi/2  N=  4  2.00000000000014 6.00000000184098 6.00000000231155 12.00000001536357 12.00000018830661 12.00000269275312
B6 W=pi/2  N=  8  2.00000000000000 6.00000000000158 6.00000000001118 12.00000000024791 12.00000000069945 12.00000000366938
B6 W=pi/2  N= 16  2.00000000000010 6.00000000000005 6.00000000000006 11.99999999999999 12.00000000000081 12.00000000000093
B6 W=pi/2  N= 32  1.99999999999998 6.00000000000002 6.00000000000011 12.00000000000004 12.00000000000006 12.00000000000031
B W=pi/2  labels(k,m)=[[1, 0], [1, 1], [2, 0], [3, 0], [2, 1], [1, 2]]
B W=pi/2  best=2.00000000000014 5.99999999999915 5.99999999999959 11.99999999999919 11.99999999999940 11.99999999999963
B W=pi/2  err =2.0e-12 6.0e-12 6.0e-12 1.2e-11 1.2e-11 1.2e-11  p(bottom)=None
B W=17/10 N=  2  1.77776995792281 5.26308370949569 5.62576605983938 10.45594158365125 10.95907507254174 11.47376250902925
B W=17/10 N=  4  1.77776984699175 5.26308370664114 5.62576552821283 10.45594158101468 10.95907506380870 11.47376121270769
B W=17/10 N=  8  1.77776984630983 5.26308370664084 5.62576552490781 10.45594158100529 10.95907506380541 11.47376120352412
B W=17/10 N= 16  1.77776984630582 5.26308370664088 5.62576552488813 10.45594158100507 10.95907506380525 11.47376120347060
B W=17/10 N= 32  1.77776984630590 5.26308370664078 5.62576552488716 10.45594158100444 10.95907506380482 11.47376120346961
B6 W=17/10 N=  2  1.77777047023415 5.26308391604850 5.62576858582430 10.45594406186761 10.95908323109750 11.47384608617662
B6 W=17/10 N=  4  1.77776985078365 5.26308370766301 5.62576554942384 10.45594166246383 10.95907507333260 11.47376330199375
B6 W=17/10 N=  8  1.77776984633281 5.26308370664147 5.62576552502714 10.45594158110275 10.95907506424505 11.47376120643221
B6 W=17/10 N= 16  1.77776984630587 5.26308370664085 5.62576552488875 10.45594158100520 10.95907506380578 11.47376120347287
B6 W=17/10 N= 32  1.77776984630575 5.26308370664040 5.62576552488812 10.45594158100515 10.95907506380499 11.47376120347078
B W=17/10 labels(k,m)=[[1, 0], [2, 0], [1, 1], [3, 0], [2, 1], [1, 2]]
B W=17/10 best=1.77776984630590 5.26308370664078 5.62576552488710 10.45594158100444 10.95907506380482 11.47376120346959
B W=17/10 err =1.8e-12 5.3e-12 5.6e-12 1.0e-11 1.1e-11 1.1e-11  p(bottom)=None
=== closed_form.py
C W=1/4   45.76160291153702 60.32797352589619 76.89434414025536 95.46071475461453 116.02708536897370 138.59345598333289  labels=[[1, 0], [1, 1], [1, 2], [1, 3], [1, 4], [1, 5]]
C W=1/2   13.01119705467915 21.29438236185874 31.57756766903832 43.86075297621791 45.76160291153702 58.14393828339750  labels=[[1, 0], [1, 1], [1, 2], [1, 3], [2, 0], [1, 4]]
C W=1     4.03819742706724 9.17979008065703 13.01119705467915 16.32138273424682 21.29438236185874 25.46297538783661  labels=[[1, 0], [1, 1], [2, 0], [1, 2], [2, 1], [1, 3]]
C W=7/5   2.38087548866592 6.62487024123005 7.27950720209952 12.86886499379419 13.76749670722780 14.69589514030083  labels=[[1, 0], [1, 1], [2, 0], [1, 2], [2, 1], [3, 0]]
C W=3/2   2.14382026242875 6.23821536482194 6.48088594732180 12.33261046721514 12.66967615210819 13.01119705467915  labels=[[1, 0], [1, 1], [2, 0], [1, 2], [2, 1], [3, 0]]
C W=pi/2  2.00000000000000 6.00000000000000 6.00000000000000 12.00000000000000 12.00000000000000 12.00000000000000  labels=[[1, 0], [1, 1], [2, 0], [1, 2], [2, 1], [3, 0]]
C W=17/10 1.77776984630577 5.26308370664083 5.62576552488800 10.45594158100520 10.95907506380530 11.47376120347023  labels=[[1, 0], [2, 0], [1, 1], [3, 0], [2, 1], [1, 2]]
=== checks.py
PASS  C1 assembly identities: max identity defect 5.33e-15 (tol 1e-12)
FIRED  [planted] C1 assembly identities, 1-point quadrature: max identity defect 4.07e-03 (tol 1e-12)
PASS  C2 eigen-residual W=17/10 N=32: max relative residual 1.58e-13 (tol 1e-9)
FIRED  [planted] C2 eigen-residual with eigenvalue shifted 1e-6: max relative residual 1.00e-06 (tol 1e-9)
PASS  C3 seam phi(pi,-w)=-phi(0,w), zero on w=+-W and fiber: max seam/boundary violation 0.00e+00 (tol 1e-12)
FIRED  [planted] C3 with seam sign flipped (+): max seam/boundary violation 2.00e+00 (tol 1e-12)
      eigenvalues with flipped seam sign: 2.380937161975 6.625355708626 7.282725064177 12.872054136853 13.773624137146 14.728698932779
FIRED  [planted] C3 with seam reflection w->-w omitted: max seam/boundary violation 2.00e+00 (tol 1e-12)
      eigenvalues without reflection:  2.380937161975 6.625355708626 7.282725064177 12.872054136853 13.773624137146 14.728698932779
PASS  C4 A asymptotic regime W=1/4 eig1: monotone=True p_last=3.9973458417834715 p_prev=3.990124648952502
PASS  C4 A asymptotic regime W=1/4 eig2: monotone=True p_last=3.9911991470595534 p_prev=3.963669323005155
PASS  C4 A asymptotic regime W=1/4 eig3: monotone=True p_last=3.989773279399506 p_prev=3.961700930315481
PASS  C4 A asymptotic regime W=1/4 eig4: monotone=True p_last=3.982779514910108 p_prev=3.9284993186430563
PASS  C4 A asymptotic regime W=1/4 eig5: monotone=True p_last=3.9806803769255565 p_prev=3.9283435531911226
PASS  C4 A asymptotic regime W=1/4 eig6: monotone=True p_last=3.972595924076068 p_prev=3.884985189762372
PASS  C4 A asymptotic regime W=1/2 eig1: monotone=True p_last=3.9988895252715695 p_prev=3.9957158477832313
PASS  C4 A asymptotic regime W=1/2 eig2: monotone=True p_last=3.994859831733014 p_prev=3.9790688504904126
PASS  C4 A asymptotic regime W=1/2 eig3: monotone=True p_last=3.9942413740079683 p_prev=3.9780427463655283
PASS  C4 A asymptotic regime W=1/2 eig4: monotone=True p_last=3.9891818370585432 p_prev=3.9556416428369046
PASS  C4 A asymptotic regime W=1/2 eig5: monotone=True p_last=3.9975564635612253 p_prev=3.9904052718055087
PASS  C4 A asymptotic regime W=1/2 eig6: monotone=True p_last=3.9880597780347027 p_prev=3.9548001842141653
PASS  C4 A asymptotic regime W=1 eig1: monotone=True p_last=3.999360667765213 p_prev=3.9974538662506958
PASS  C4 A asymptotic regime W=1 eig2: monotone=True p_last=3.9967540690370256 p_prev=3.986890079132845
PASS  C4 A asymptotic regime W=1 eig3: monotone=True p_last=3.997722332756449 p_prev=3.990965097617512
PASS  C4 A asymptotic regime W=1 eig4: monotone=True p_last=3.996420170022894 p_prev=3.986223078745816
PASS  C4 A asymptotic regime W=1 eig5: monotone=True p_last=3.9964687597938955 p_prev=3.9857822452232403
PASS  C4 A asymptotic regime W=1 eig6: monotone=True p_last=3.992313622758117 p_prev=3.9686733405687025
PASS  C4 A asymptotic regime W=7/5 eig1: monotone=True p_last=3.9994938585884996 p_prev=3.997650310444995
PASS  C4 A asymptotic regime W=7/5 eig2: monotone=True p_last=3.9973166341131448 p_prev=3.9891856613048984
PASS  C4 A asymptotic regime W=7/5 eig3: monotone=True p_last=3.997728786691245 p_prev=3.9909725812573322
PASS  C4 A asymptotic regime W=7/5 eig4: monotone=True p_last=3.997024964224152 p_prev=3.9885103401574526
PASS  C4 A asymptotic regime W=7/5 eig5: monotone=True p_last=3.997018073692574 p_prev=3.9880493242077946
PASS  C4 A asymptotic regime W=7/5 eig6: monotone=True p_last=3.994889903609169 p_prev=3.97986530549272
PASS  C4 A asymptotic regime W=3/2 eig1: monotone=True p_last=3.9993759735392205 p_prev=3.9976667345368533
PASS  C4 A asymptotic regime W=3/2 eig2: monotone=True p_last=3.9973885803172546 p_prev=3.989576371205779
PASS  C4 A asymptotic regime W=3/2 eig3: monotone=True p_last=3.997725868999098 p_prev=3.990967998902758
PASS  C4 A asymptotic regime W=3/2 eig4: monotone=True p_last=3.997118750985811 p_prev=3.9888875554503143
PASS  C4 A asymptotic regime W=3/2 eig5: monotone=True p_last=3.997096962986158 p_prev=3.9883794211841734
PASS  C4 A asymptotic regime W=3/2 eig6: monotone=True p_last=3.994887731114539 p_prev=3.97985627388227
PASS  C4 A asymptotic regime W=pi/2 eig1: monotone=True p_last=3.9995443214096658 p_prev=3.997679045300777
PASS  C4 A asymptotic regime W=pi/2 eig2: monotone=True p_last=3.9974842867638225 p_prev=3.9898260531205527
PASS  C4 A asymptotic regime W=pi/2 eig3: monotone=True p_last=3.9977277277526264 p_prev=3.9909644363516485
PASS  C4 A asymptotic regime W=pi/2 eig4: monotone=True p_last=3.9971877711221917 p_prev=3.9891251583180063
PASS  C4 A asymptotic regime W=pi/2 eig5: monotone=True p_last=3.9971477262843464 p_prev=3.9885799371924535
PASS  C4 A asymptotic regime W=pi/2 eig6: monotone=True p_last=3.994886622925535 p_prev=3.9798502168600334
PASS  C4 A asymptotic regime W=17/10 eig1: monotone=True p_last=3.999249048300433 p_prev=3.99767131074841
PASS  C4 A asymptotic regime W=17/10 eig2: monotone=True p_last=3.997721755989648 p_prev=3.9909574319941554
PASS  C4 A asymptotic regime W=17/10 eig3: monotone=True p_last=3.9975202415800166 p_prev=3.9902236443789376
PASS  C4 A asymptotic regime W=17/10 eig4: monotone=True p_last=3.994883916697591 p_prev=3.979839892647104
PASS  C4 A asymptotic regime W=17/10 eig5: monotone=True p_last=3.9972195162963464 p_prev=3.9888895598452274
PASS  C4 A asymptotic regime W=17/10 eig6: monotone=True p_last=3.997275325615283 p_prev=3.9895034909614138
FIRED  [planted] C4 on W=17/10 bottom sequence with +-1e-6 alternating noise: monotone=False p_last=None p_prev=None
PASS  C5 A vs B, W=1/4: max |diff|/(errA+errB) = 0.0145 (must be <= 1)
PASS  C5' B vs closed form, W=1/4: max |diff|/(errA+errB) = 0.00846 (must be <= 1)
PASS  C5' A vs closed form, W=1/4: max |diff|/(errA+errB) = 0.0146 (must be <= 1)
PASS  C5 A vs B, W=1/2: max |diff|/(errA+errB) = 0.00668 (must be <= 1)
PASS  C5' B vs closed form, W=1/2: max |diff|/(errA+errB) = 0.00846 (must be <= 1)
PASS  C5' A vs closed form, W=1/2: max |diff|/(errA+errB) = 0.00668 (must be <= 1)
PASS  C5 A vs B, W=1: max |diff|/(errA+errB) = 0.00433 (must be <= 1)
PASS  C5' B vs closed form, W=1: max |diff|/(errA+errB) = 0.0645 (must be <= 1)
PASS  C5' A vs closed form, W=1: max |diff|/(errA+errB) = 0.00433 (must be <= 1)
PASS  C5 A vs B, W=7/5: max |diff|/(errA+errB) = 0.00287 (must be <= 1)
PASS  C5' B vs closed form, W=7/5: max |diff|/(errA+errB) = 0.0865 (must be <= 1)
PASS  C5' A vs closed form, W=7/5: max |diff|/(errA+errB) = 0.00287 (must be <= 1)
PASS  C5 A vs B, W=3/2: max |diff|/(errA+errB) = 0.00287 (must be <= 1)
PASS  C5' B vs closed form, W=3/2: max |diff|/(errA+errB) = 0.524 (must be <= 1)
PASS  C5' A vs closed form, W=3/2: max |diff|/(errA+errB) = 0.00287 (must be <= 1)
PASS  C5 A vs B, W=pi/2: max |diff|/(errA+errB) = 0.00287 (must be <= 1)
PASS  C5' B vs closed form, W=pi/2: max |diff|/(errA+errB) = 0.0706 (must be <= 1)
PASS  C5' A vs closed form, W=pi/2: max |diff|/(errA+errB) = 0.00287 (must be <= 1)
PASS  C5 A vs B, W=17/10: max |diff|/(errA+errB) = 0.00379 (must be <= 1)
PASS  C5' B vs closed form, W=17/10: max |diff|/(errA+errB) = 0.0793 (must be <= 1)
PASS  C5' A vs closed form, W=17/10: max |diff|/(errA+errB) = 0.00361 (must be <= 1)
INFO  seam replaced by zero data on y=pi only (y=0 free), W=7/5, extrapolated N=32,64,128, vs B: max |diff|/(errA+errB) = 0.0112 (must be <= 1) -> indistinguishable
FIRED  [planted] C5 A(width misread: solved at W/2, extrapolated N=32,64,128) vs B, W=7/5: max |diff|/(errA+errB) = 7.45e+07 (must be <= 1)
FIRED  [planted] C5 B(wrong transverse eigenvalue) vs B, W=7/5: max |diff|/(errA+errB) = 2.03e+10 (must be <= 1)
PASS  C6 sector cutoff W=1/4: next sector k=2 changes lowest six by 0.00e+00
PASS  C6 sector cutoff W=1/2: next sector k=3 changes lowest six by 0.00e+00
PASS  C6 sector cutoff W=1: next sector k=4 changes lowest six by 0.00e+00
PASS  C6 sector cutoff W=7/5: next sector k=4 changes lowest six by 0.00e+00
PASS  C6 sector cutoff W=3/2: next sector k=4 changes lowest six by 0.00e+00
PASS  C6 sector cutoff W=pi/2: next sector k=4 changes lowest six by 0.00e+00
PASS  C6 sector cutoff W=17/10: next sector k=4 changes lowest six by 0.00e+00
FIRED  [planted] C6 sector cutoff with only k=1 kept, W=pi/2: next sector k=2 changes lowest six by 2.20e+01
SUMMARY real checks: 73 PASS, 0 FAIL; planted defects: 8 FIRED, 0 NOT-FIRED
=== make_report.py
| W/R | method | λ1 (bottom) | λ2 | λ3 | λ4 | λ5 | λ6 | err(bottom) |
| --- | --- | --- | --- | --- | --- | --- | --- | --- |
| 1/4 | **B (best)** | 45.761602911538 | 60.327973525896 | 76.894344140255 | 95.460714754614 | 116.027085368971 | 138.593455983332 | 4.6e-11 |
| | A extrap. | 45.7616029114 | 60.3279735234 | 76.8943441280 | 95.4607146827 | 116.0270851734 | 138.5934553564 | 6.1e-08 |
| | A p (last 3) | 3.997 | 3.991 | 3.990 | 3.983 | 3.981 | 3.973 | |
| | closed form (check only) | 45.761602911537 | 60.327973525896 | 76.894344140255 | 95.460714754615 | 116.027085368974 | 138.593455983333 | |
| | labels (k,m) | (1,0) | (1,1) | (1,2) | (1,3) | (1,4) | (1,5) | |
| 1/2 | **B (best)** | 13.011197054679 | 21.294382361858 | 31.577567669038 | 43.860752976218 | 45.761602911538 | 58.143938283397 | 1.3e-11 |
| | A extrap. | 13.0111970547 | 21.2943823616 | 31.5775676678 | 43.8607529663 | 45.7616029110 | 58.1439382536 | 9.3e-09 |
| | A p (last 3) | 3.999 | 3.995 | 3.994 | 3.989 | 3.998 | 3.988 | |
| | closed form (check only) | 13.011197054679 | 21.294382361859 | 31.577567669038 | 43.860752976218 | 45.761602911537 | 58.143938283397 | |
| | labels (k,m) | (1,0) | (1,1) | (1,2) | (1,3) | (2,0) | (1,4) | |
| 1 | **B (best)** | 4.038197427067 | 9.179790080656 | 13.011197054679 | 16.321382734245 | 21.294382361858 | 25.462975387836 | 4.0e-12 |
| | A extrap. | 4.0381974271 | 9.1797900806 | 13.0111970546 | 16.3213827341 | 21.2943823615 | 25.4629753857 | 1.9e-09 |
| | A p (last 3) | 3.999 | 3.997 | 3.998 | 3.996 | 3.996 | 3.992 | |
| | closed form (check only) | 4.038197427067 | 9.179790080657 | 13.011197054679 | 16.321382734247 | 21.294382361859 | 25.462975387837 | |
| | labels (k,m) | (1,0) | (1,1) | (2,0) | (1,2) | (2,1) | (1,3) | |
| 7/5 | **B (best)** | 2.380875488666 | 6.624870241229 | 7.279507202100 | 12.868864993794 | 13.767496707228 | 14.695895140301 | 2.4e-12 |
| | A extrap. | 2.3808754887 | 6.6248702412 | 7.2795072020 | 12.8688649937 | 13.7674967071 | 14.6958951388 | 9.5e-10 |
| | A p (last 3) | 3.999 | 3.997 | 3.998 | 3.997 | 3.997 | 3.995 | |
| | closed form (check only) | 2.380875488666 | 6.624870241230 | 7.279507202100 | 12.868864993794 | 13.767496707228 | 14.695895140301 | |
| | labels (k,m) | (1,0) | (1,1) | (2,0) | (1,2) | (2,1) | (3,0) | |
| 3/2 | **B (best)** | 2.143820262429 | 6.238215364819 | 6.480885947323 | 12.332610467214 | 12.669676152094 | 13.011197054679 | 2.1e-12 |
| | A extrap. | 2.1438202624 | 6.2382153648 | 6.4808859473 | 12.3326104671 | 12.6696761520 | 13.0111970533 | 8.4e-10 |
| | A p (last 3) | 3.999 | 3.997 | 3.998 | 3.997 | 3.997 | 3.995 | |
| | closed form (check only) | 2.143820262429 | 6.238215364822 | 6.480885947322 | 12.332610467215 | 12.669676152108 | 13.011197054679 | |
| | labels (k,m) | (1,0) | (1,1) | (2,0) | (1,2) | (2,1) | (3,0) | |
| pi/2 | **B (best)** | 2.000000000000 | 5.999999999999 | 6.000000000000 | 11.999999999999 | 11.999999999999 | 12.000000000000 | 2.0e-12 |
| | A extrap. | 2.0000000000 | 6.0000000000 | 5.9999999999 | 11.9999999999 | 11.9999999999 | 11.9999999988 | 7.7e-10 |
| | A p (last 3) | 4.000 | 3.997 | 3.998 | 3.997 | 3.997 | 3.995 | |
| | closed form (check only) | 2.000000000000 | 6.000000000000 | 6.000000000000 | 12.000000000000 | 12.000000000000 | 12.000000000000 | |
| | labels (k,m) | (1,0) | (1,1) | (2,0) | (1,2) | (2,1) | (3,0) | |
| 17/10 | **B (best)** | 1.777769846306 | 5.263083706641 | 5.625765524887 | 10.455941581004 | 10.959075063805 | 11.473761203470 | 1.8e-12 |
| | A extrap. | 1.7777698463 | 5.2630837066 | 5.6257655249 | 10.4559415799 | 10.9590750637 | 11.4737612034 | 6.7e-10 |
| | A p (last 3) | 3.999 | 3.998 | 3.998 | 3.995 | 3.997 | 3.997 | |
| | closed form (check only) | 1.777769846306 | 5.263083706641 | 5.625765524888 | 10.455941581005 | 10.959075063805 | 11.473761203470 | |
| | labels (k,m) | (1,0) | (2,0) | (1,1) | (3,0) | (2,1) | (1,2) | |

PASS  STAGE1.md contains table_stage1.md verbatim
