PASS  K1 room a W=0.250000 mesh: grading (k/16)^2, 8 cells, nested midpoint levels, ndof [217, 945, 3937, 16065, 64897]
PASS  K1 room a W=0.500000 mesh: grading (k/16)^2, 8 cells, nested midpoint levels, ndof [217, 945, 3937, 16065, 64897]
PASS  K1 room a W=1.000000 mesh: grading (k/16)^2, 8 cells, nested midpoint levels, ndof [217, 945, 3937, 16065, 64897]
PASS  K1 room a W=1.400000 mesh: grading (k/16)^2, 8 cells, nested midpoint levels, ndof [217, 945, 3937, 16065, 64897]
PASS  K1 room a W=1.500000 mesh: grading (k/16)^2, 8 cells, nested midpoint levels, ndof [217, 945, 3937, 16065, 64897]
PASS  K1 room a W=1.570796 mesh: grading (k/16)^2, 8 cells, nested midpoint levels, ndof [217, 945, 3937, 16065, 64897]
PASS  K1 room a W=1.700000 mesh: grading (k/16)^2, 8 cells, nested midpoint levels, ndof [217, 945, 3937, 16065, 64897]
PASS  K1 room b W=0.250000 mesh: grading (k/16)^2, 8 cells, nested midpoint levels, ndof [217, 945, 3937, 16065, 64897]
PASS  K1 room b W=0.500000 mesh: grading (k/16)^2, 8 cells, nested midpoint levels, ndof [217, 945, 3937, 16065, 64897]
PASS  K1 room b W=1.000000 mesh: grading (k/16)^2, 8 cells, nested midpoint levels, ndof [217, 945, 3937, 16065, 64897]
PASS  K1 room b W=1.400000 mesh: grading (k/16)^2, 8 cells, nested midpoint levels, ndof [217, 945, 3937, 16065, 64897]
PASS  K1 room b W=1.500000 mesh: grading (k/16)^2, 8 cells, nested midpoint levels, ndof [217, 945, 3937, 16065, 64897]
PASS  K1 room b W=1.570796 mesh: grading (k/16)^2, 8 cells, nested midpoint levels, ndof [217, 945, 3937, 16065, 64897]
PASS  K1 room b W=1.700000 mesh: grading (k/16)^2, 8 cells, nested midpoint levels, ndof [217, 945, 3937, 16065, 64897]
[planted] FAIL  K1 room a W=1.400000 mesh: grading (k/16)^2, 8 cells, nested midpoint levels, ndof [217, 945, 3937, 16065, 64897]
PASS  K2 room a W=0.250000 level 2: seam residual 0.0e+00, data on arcs/fiber 0.0e+00, corr. with closed-form bottom 0.999997
PASS  K2 room a W=0.500000 level 2: seam residual 0.0e+00, data on arcs/fiber 0.0e+00, corr. with closed-form bottom 1.000000
PASS  K2 room a W=1.000000 level 2: seam residual 0.0e+00, data on arcs/fiber 0.0e+00, corr. with closed-form bottom 1.000000
PASS  K2 room a W=1.400000 level 2: seam residual 0.0e+00, data on arcs/fiber 0.0e+00, corr. with closed-form bottom 1.000000
PASS  K2 room a W=1.500000 level 2: seam residual 0.0e+00, data on arcs/fiber 0.0e+00, corr. with closed-form bottom 1.000000
PASS  K2 room a W=1.570796 level 2: seam residual 0.0e+00, data on arcs/fiber 0.0e+00, corr. with closed-form bottom 1.000000
PASS  K2 room a W=1.700000 level 2: seam residual 0.0e+00, data on arcs/fiber 0.0e+00, corr. with closed-form bottom 1.000000
[planted] FAIL  K2 room a W=1.400000 level 2: seam residual 2.0e+00, data on arcs/fiber 0.0e+00, corr. with closed-form bottom 0.000000
PASS  K2 room b W=0.250000 level 2: seam residual 0.0e+00, data on arcs/fiber 0.0e+00, corr. with closed-form bottom 0.999997
PASS  K2 room b W=0.500000 level 2: seam residual 0.0e+00, data on arcs/fiber 0.0e+00, corr. with closed-form bottom 1.000000
PASS  K2 room b W=1.000000 level 2: seam residual 0.0e+00, data on arcs/fiber 0.0e+00, corr. with closed-form bottom 1.000000
PASS  K2 room b W=1.400000 level 2: seam residual 0.0e+00, data on arcs/fiber 0.0e+00, corr. with closed-form bottom 1.000000
PASS  K2 room b W=1.500000 level 2: seam residual 0.0e+00, data on arcs/fiber 0.0e+00, corr. with closed-form bottom 1.000000
PASS  K2 room b W=1.570796 level 2: seam residual 0.0e+00, data on arcs/fiber 0.0e+00, corr. with closed-form bottom 1.000000
PASS  K2 room b W=1.700000 level 2: seam residual 0.0e+00, data on arcs/fiber 0.0e+00, corr. with closed-form bottom 1.000000
[planted] FAIL  K2 room b W=1.400000 level 2: seam residual 2.0e+00, data on arcs/fiber 0.0e+00, corr. with closed-form bottom 0.000000
PASS  K3 room a W=1/4 level 0: max eigen-residual 5.5e-15
PASS  K5 room a W=1/4 level 0: rerun vs JSON eigenvalues, max rel 2.6e-15
PASS  K4 room a W=1/4 level 0: inertia below 0.999999*lam1: 0, below (lam6+lam7)/2: 6
PASS  K3 room a W=1/4 level 1: max eigen-residual 2.1e-14
PASS  K5 room a W=1/4 level 1: rerun vs JSON eigenvalues, max rel 2.0e-15
PASS  K4 room a W=1/4 level 1: inertia below 0.999999*lam1: 0, below (lam6+lam7)/2: 6
PASS  K3 room a W=1/4 level 2: max eigen-residual 8.7e-14
PASS  K5 room a W=1/4 level 2: rerun vs JSON eigenvalues, max rel 1.5e-15
PASS  K4 room a W=1/4 level 2: inertia below 0.999999*lam1: 0, below (lam6+lam7)/2: 6
PASS  K3 room a W=1/4 level 3: max eigen-residual 3.5e-13
PASS  K5 room a W=1/4 level 3: rerun vs JSON eigenvalues, max rel 2.4e-15
PASS  K3 room a W=1/4 level 4: max eigen-residual 1.4e-12
PASS  K5 room a W=1/4 level 4: rerun vs JSON eigenvalues, max rel 3.2e-15
PASS  K3 room a W=1/2 level 0: max eigen-residual 5.7e-15
PASS  K5 room a W=1/2 level 0: rerun vs JSON eigenvalues, max rel 2.6e-15
PASS  K4 room a W=1/2 level 0: inertia below 0.999999*lam1: 0, below (lam6+lam7)/2: 6
PASS  K3 room a W=1/2 level 1: max eigen-residual 2.2e-14
PASS  K5 room a W=1/2 level 1: rerun vs JSON eigenvalues, max rel 3.3e-15
PASS  K4 room a W=1/2 level 1: inertia below 0.999999*lam1: 0, below (lam6+lam7)/2: 6
PASS  K3 room a W=1/2 level 2: max eigen-residual 9.3e-14
PASS  K5 room a W=1/2 level 2: rerun vs JSON eigenvalues, max rel 1.9e-15
PASS  K4 room a W=1/2 level 2: inertia below 0.999999*lam1: 0, below (lam6+lam7)/2: 6
PASS  K3 room a W=1/2 level 3: max eigen-residual 3.8e-13
PASS  K5 room a W=1/2 level 3: rerun vs JSON eigenvalues, max rel 3.7e-15
PASS  K3 room a W=1/2 level 4: max eigen-residual 1.5e-12
PASS  K5 room a W=1/2 level 4: rerun vs JSON eigenvalues, max rel 1.6e-15
PASS  K3 room a W=1 level 0: max eigen-residual 7.3e-15
PASS  K5 room a W=1 level 0: rerun vs JSON eigenvalues, max rel 1.7e-15
PASS  K4 room a W=1 level 0: inertia below 0.999999*lam1: 0, below (lam6+lam7)/2: 6
PASS  K3 room a W=1 level 1: max eigen-residual 3.1e-14
PASS  K5 room a W=1 level 1: rerun vs JSON eigenvalues, max rel 1.2e-15
PASS  K4 room a W=1 level 1: inertia below 0.999999*lam1: 0, below (lam6+lam7)/2: 6
PASS  K3 room a W=1 level 2: max eigen-residual 1.3e-13
PASS  K5 room a W=1 level 2: rerun vs JSON eigenvalues, max rel 2.6e-15
PASS  K4 room a W=1 level 2: inertia below 0.999999*lam1: 0, below (lam6+lam7)/2: 6
PASS  K3 room a W=1 level 3: max eigen-residual 5.3e-13
PASS  K5 room a W=1 level 3: rerun vs JSON eigenvalues, max rel 2.0e-15
PASS  K3 room a W=1 level 4: max eigen-residual 2.1e-12
PASS  K5 room a W=1 level 4: rerun vs JSON eigenvalues, max rel 1.5e-15
PASS  K3 room a W=7/5 level 0: max eigen-residual 1.0e-14
PASS  K5 room a W=7/5 level 0: rerun vs JSON eigenvalues, max rel 1.9e-15
PASS  K4 room a W=7/5 level 0: inertia below 0.999999*lam1: 0, below (lam6+lam7)/2: 6
PASS  K3 room a W=7/5 level 1: max eigen-residual 4.3e-14
PASS  K5 room a W=7/5 level 1: rerun vs JSON eigenvalues, max rel 1.9e-15
PASS  K4 room a W=7/5 level 1: inertia below 0.999999*lam1: 0, below (lam6+lam7)/2: 6
[planted] FAIL  K4 room a W=7/5 level 1 with lam1 missed: count 7 vs 6
[planted] FAIL  K3 room a W=7/5 level 1, eigenvalue shifted 1e-6: residual 1.0e-06
[planted] FAIL  K5 room a W=7/5 level 1, JSON lam1 altered 1e-7: rel 1.0e-07
PASS  K3 room a W=7/5 level 2: max eigen-residual 1.8e-13
PASS  K5 room a W=7/5 level 2: rerun vs JSON eigenvalues, max rel 1.4e-15
PASS  K4 room a W=7/5 level 2: inertia below 0.999999*lam1: 0, below (lam6+lam7)/2: 6
PASS  K3 room a W=7/5 level 3: max eigen-residual 8.0e-13
PASS  K5 room a W=7/5 level 3: rerun vs JSON eigenvalues, max rel 1.7e-15
PASS  K3 room a W=7/5 level 4: max eigen-residual 3.1e-12
PASS  K5 room a W=7/5 level 4: rerun vs JSON eigenvalues, max rel 3.0e-15
PASS  K3 room a W=3/2 level 0: max eigen-residual 1.3e-14
PASS  K5 room a W=3/2 level 0: rerun vs JSON eigenvalues, max rel 4.1e-16
PASS  K4 room a W=3/2 level 0: inertia below 0.999999*lam1: 0, below (lam6+lam7)/2: 6
PASS  K3 room a W=3/2 level 1: max eigen-residual 5.0e-14
PASS  K5 room a W=3/2 level 1: rerun vs JSON eigenvalues, max rel 8.6e-16
PASS  K4 room a W=3/2 level 1: inertia below 0.999999*lam1: 0, below (lam6+lam7)/2: 6
PASS  K3 room a W=3/2 level 2: max eigen-residual 2.2e-13
PASS  K5 room a W=3/2 level 2: rerun vs JSON eigenvalues, max rel 1.4e-15
PASS  K4 room a W=3/2 level 2: inertia below 0.999999*lam1: 0, below (lam6+lam7)/2: 6
PASS  K3 room a W=3/2 level 3: max eigen-residual 8.9e-13
PASS  K5 room a W=3/2 level 3: rerun vs JSON eigenvalues, max rel 2.7e-15
PASS  K3 room a W=3/2 level 4: max eigen-residual 3.6e-12
PASS  K5 room a W=3/2 level 4: rerun vs JSON eigenvalues, max rel 2.4e-15
PASS  K3 room a W=pi/2 level 0: max eigen-residual 1.2e-14
PASS  K5 room a W=pi/2 level 0: rerun vs JSON eigenvalues, max rel 2.1e-15
PASS  K4 room a W=pi/2 level 0: inertia below 0.999999*lam1: 0, below (lam6+lam7)/2: 6
PASS  K3 room a W=pi/2 level 1: max eigen-residual 5.2e-14
PASS  K5 room a W=pi/2 level 1: rerun vs JSON eigenvalues, max rel 1.2e-15
PASS  K4 room a W=pi/2 level 1: inertia below 0.999999*lam1: 0, below (lam6+lam7)/2: 6
PASS  K3 room a W=pi/2 level 2: max eigen-residual 2.2e-13
PASS  K5 room a W=pi/2 level 2: rerun vs JSON eigenvalues, max rel 2.1e-15
PASS  K4 room a W=pi/2 level 2: inertia below 0.999999*lam1: 0, below (lam6+lam7)/2: 6
PASS  K3 room a W=pi/2 level 3: max eigen-residual 9.6e-13
PASS  K5 room a W=pi/2 level 3: rerun vs JSON eigenvalues, max rel 1.9e-15
PASS  K3 room a W=pi/2 level 4: max eigen-residual 3.6e-12
PASS  K5 room a W=pi/2 level 4: rerun vs JSON eigenvalues, max rel 1.2e-15
PASS  K3 room a W=17/10 level 0: max eigen-residual 1.2e-14
PASS  K5 room a W=17/10 level 0: rerun vs JSON eigenvalues, max rel 1.2e-15
PASS  K4 room a W=17/10 level 0: inertia below 0.999999*lam1: 0, below (lam6+lam7)/2: 6
PASS  K3 room a W=17/10 level 1: max eigen-residual 6.2e-14
PASS  K5 room a W=17/10 level 1: rerun vs JSON eigenvalues, max rel 3.0e-15
PASS  K4 room a W=17/10 level 1: inertia below 0.999999*lam1: 0, below (lam6+lam7)/2: 6
PASS  K3 room a W=17/10 level 2: max eigen-residual 2.8e-13
PASS  K5 room a W=17/10 level 2: rerun vs JSON eigenvalues, max rel 1.5e-15
PASS  K4 room a W=17/10 level 2: inertia below 0.999999*lam1: 0, below (lam6+lam7)/2: 6
PASS  K3 room a W=17/10 level 3: max eigen-residual 1.0e-12
PASS  K5 room a W=17/10 level 3: rerun vs JSON eigenvalues, max rel 1.9e-15
PASS  K3 room a W=17/10 level 4: max eigen-residual 4.1e-12
PASS  K5 room a W=17/10 level 4: rerun vs JSON eigenvalues, max rel 1.7e-15
PASS  K3 room b W=1/4 level 0: max eigen-residual 6.6e-15
PASS  K5 room b W=1/4 level 0: rerun vs JSON eigenvalues, max rel 1.3e-15
PASS  K4 room b W=1/4 level 0: inertia below 0.999999*lam1: 0, below (lam6+lam7)/2: 6
PASS  K3 room b W=1/4 level 1: max eigen-residual 2.3e-14
PASS  K5 room b W=1/4 level 1: rerun vs JSON eigenvalues, max rel 1.6e-15
PASS  K4 room b W=1/4 level 1: inertia below 0.999999*lam1: 0, below (lam6+lam7)/2: 6
PASS  K3 room b W=1/4 level 2: max eigen-residual 8.1e-14
PASS  K5 room b W=1/4 level 2: rerun vs JSON eigenvalues, max rel 2.8e-15
PASS  K4 room b W=1/4 level 2: inertia below 0.999999*lam1: 0, below (lam6+lam7)/2: 6
PASS  K3 room b W=1/4 level 3: max eigen-residual 3.6e-13
PASS  K5 room b W=1/4 level 3: rerun vs JSON eigenvalues, max rel 3.9e-15
PASS  K3 room b W=1/4 level 4: max eigen-residual 1.4e-12
PASS  K5 room b W=1/4 level 4: rerun vs JSON eigenvalues, max rel 4.2e-15
PASS  K3 room b W=1/2 level 0: max eigen-residual 8.2e-15
PASS  K5 room b W=1/2 level 0: rerun vs JSON eigenvalues, max rel 1.9e-15
PASS  K4 room b W=1/2 level 0: inertia below 0.999999*lam1: 0, below (lam6+lam7)/2: 6
PASS  K3 room b W=1/2 level 1: max eigen-residual 2.3e-14
PASS  K5 room b W=1/2 level 1: rerun vs JSON eigenvalues, max rel 2.3e-15
PASS  K4 room b W=1/2 level 1: inertia below 0.999999*lam1: 0, below (lam6+lam7)/2: 6
PASS  K3 room b W=1/2 level 2: max eigen-residual 9.0e-14
PASS  K5 room b W=1/2 level 2: rerun vs JSON eigenvalues, max rel 2.0e-15
PASS  K4 room b W=1/2 level 2: inertia below 0.999999*lam1: 0, below (lam6+lam7)/2: 6
PASS  K3 room b W=1/2 level 3: max eigen-residual 3.6e-13
PASS  K5 room b W=1/2 level 3: rerun vs JSON eigenvalues, max rel 1.5e-15
PASS  K3 room b W=1/2 level 4: max eigen-residual 1.5e-12
PASS  K5 room b W=1/2 level 4: rerun vs JSON eigenvalues, max rel 1.1e-15
PASS  K3 room b W=1 level 0: max eigen-residual 8.7e-15
PASS  K5 room b W=1 level 0: rerun vs JSON eigenvalues, max rel 1.2e-15
PASS  K4 room b W=1 level 0: inertia below 0.999999*lam1: 0, below (lam6+lam7)/2: 6
PASS  K3 room b W=1 level 1: max eigen-residual 3.2e-14
PASS  K5 room b W=1 level 1: rerun vs JSON eigenvalues, max rel 2.7e-15
PASS  K4 room b W=1 level 1: inertia below 0.999999*lam1: 0, below (lam6+lam7)/2: 6
PASS  K3 room b W=1 level 2: max eigen-residual 1.3e-13
PASS  K5 room b W=1 level 2: rerun vs JSON eigenvalues, max rel 5.0e-15
PASS  K4 room b W=1 level 2: inertia below 0.999999*lam1: 0, below (lam6+lam7)/2: 6
PASS  K3 room b W=1 level 3: max eigen-residual 5.3e-13
PASS  K5 room b W=1 level 3: rerun vs JSON eigenvalues, max rel 2.3e-15
PASS  K3 room b W=1 level 4: max eigen-residual 2.2e-12
PASS  K5 room b W=1 level 4: rerun vs JSON eigenvalues, max rel 1.7e-15
PASS  K3 room b W=7/5 level 0: max eigen-residual 1.1e-14
PASS  K5 room b W=7/5 level 0: rerun vs JSON eigenvalues, max rel 3.3e-15
PASS  K4 room b W=7/5 level 0: inertia below 0.999999*lam1: 0, below (lam6+lam7)/2: 6
PASS  K3 room b W=7/5 level 1: max eigen-residual 4.9e-14
PASS  K5 room b W=7/5 level 1: rerun vs JSON eigenvalues, max rel 2.0e-15
PASS  K4 room b W=7/5 level 1: inertia below 0.999999*lam1: 0, below (lam6+lam7)/2: 6
PASS  K3 room b W=7/5 level 2: max eigen-residual 1.9e-13
PASS  K5 room b W=7/5 level 2: rerun vs JSON eigenvalues, max rel 3.2e-15
PASS  K4 room b W=7/5 level 2: inertia below 0.999999*lam1: 0, below (lam6+lam7)/2: 6
PASS  K3 room b W=7/5 level 3: max eigen-residual 8.1e-13
PASS  K5 room b W=7/5 level 3: rerun vs JSON eigenvalues, max rel 3.7e-15
PASS  K3 room b W=7/5 level 4: max eigen-residual 3.2e-12
PASS  K5 room b W=7/5 level 4: rerun vs JSON eigenvalues, max rel 1.6e-15
PASS  K3 room b W=3/2 level 0: max eigen-residual 1.0e-14
PASS  K5 room b W=3/2 level 0: rerun vs JSON eigenvalues, max rel 1.4e-15
PASS  K4 room b W=3/2 level 0: inertia below 0.999999*lam1: 0, below (lam6+lam7)/2: 6
PASS  K3 room b W=3/2 level 1: max eigen-residual 5.3e-14
PASS  K5 room b W=3/2 level 1: rerun vs JSON eigenvalues, max rel 9.9e-16
PASS  K4 room b W=3/2 level 1: inertia below 0.999999*lam1: 0, below (lam6+lam7)/2: 6
PASS  K3 room b W=3/2 level 2: max eigen-residual 2.2e-13
PASS  K5 room b W=3/2 level 2: rerun vs JSON eigenvalues, max rel 1.6e-15
PASS  K4 room b W=3/2 level 2: inertia below 0.999999*lam1: 0, below (lam6+lam7)/2: 6
PASS  K3 room b W=3/2 level 3: max eigen-residual 8.4e-13
PASS  K5 room b W=3/2 level 3: rerun vs JSON eigenvalues, max rel 2.9e-15
PASS  K3 room b W=3/2 level 4: max eigen-residual 3.5e-12
PASS  K5 room b W=3/2 level 4: rerun vs JSON eigenvalues, max rel 1.4e-15
PASS  K3 room b W=pi/2 level 0: max eigen-residual 1.2e-14
PASS  K5 room b W=pi/2 level 0: rerun vs JSON eigenvalues, max rel 1.1e-15
PASS  K4 room b W=pi/2 level 0: inertia below 0.999999*lam1: 0, below (lam6+lam7)/2: 6
PASS  K3 room b W=pi/2 level 1: max eigen-residual 5.4e-14
PASS  K5 room b W=pi/2 level 1: rerun vs JSON eigenvalues, max rel 2.6e-15
PASS  K4 room b W=pi/2 level 1: inertia below 0.999999*lam1: 0, below (lam6+lam7)/2: 6
PASS  K3 room b W=pi/2 level 2: max eigen-residual 2.2e-13
PASS  K5 room b W=pi/2 level 2: rerun vs JSON eigenvalues, max rel 3.5e-15
PASS  K4 room b W=pi/2 level 2: inertia below 0.999999*lam1: 0, below (lam6+lam7)/2: 6
PASS  K3 room b W=pi/2 level 3: max eigen-residual 8.9e-13
PASS  K5 room b W=pi/2 level 3: rerun vs JSON eigenvalues, max rel 3.0e-15
PASS  K3 room b W=pi/2 level 4: max eigen-residual 3.7e-12
PASS  K5 room b W=pi/2 level 4: rerun vs JSON eigenvalues, max rel 2.8e-15
PASS  K3 room b W=17/10 level 0: max eigen-residual 1.3e-14
PASS  K5 room b W=17/10 level 0: rerun vs JSON eigenvalues, max rel 1.3e-15
PASS  K4 room b W=17/10 level 0: inertia below 0.999999*lam1: 0, below (lam6+lam7)/2: 6
PASS  K3 room b W=17/10 level 1: max eigen-residual 5.9e-14
PASS  K5 room b W=17/10 level 1: rerun vs JSON eigenvalues, max rel 1.5e-15
PASS  K4 room b W=17/10 level 1: inertia below 0.999999*lam1: 0, below (lam6+lam7)/2: 6
PASS  K3 room b W=17/10 level 2: max eigen-residual 2.7e-13
PASS  K5 room b W=17/10 level 2: rerun vs JSON eigenvalues, max rel 1.3e-15
PASS  K4 room b W=17/10 level 2: inertia below 0.999999*lam1: 0, below (lam6+lam7)/2: 6
PASS  K3 room b W=17/10 level 3: max eigen-residual 1.0e-12
PASS  K5 room b W=17/10 level 3: rerun vs JSON eigenvalues, max rel 1.1e-15
PASS  K3 room b W=17/10 level 4: max eigen-residual 4.1e-12
PASS  K5 room b W=17/10 level 4: rerun vs JSON eigenvalues, max rel 1.9e-15
PASS  K6 room a W=1/4: p 1.996684 extrap 45.761589281931 err 5.599e-03 vs JSON, max rel 0.0e+00
PASS  K6 room a W=1/2: p 1.999420 extrap 13.011196550217 err 1.184e-03 vs JSON, max rel 0.0e+00
PASS  K6 room a W=1: p 2.000226 extrap 4.038197480573 err 3.190e-04 vs JSON, max rel 0.0e+00
PASS  K6 room a W=7/5: p 2.000371 extrap 2.380875542763 err 1.842e-04 vs JSON, max rel 0.0e+00
PASS  K6 room a W=3/2: p 2.000314 extrap 2.143820313411 err 1.658e-04 vs JSON, max rel 0.0e+00
PASS  K6 room a W=pi/2: p 2.000203 extrap 2.000000050300 err 1.548e-04 vs JSON, max rel 0.0e+00
PASS  K6 room a W=17/10: p 1.999706 extrap 1.777769907611 err 1.382e-04 vs JSON, max rel 0.0e+00
PASS  K6 room b W=1/4: p 1.996684 extrap 45.761589281931 err 5.599e-03 vs JSON, max rel 0.0e+00
PASS  K6 room b W=1/2: p 1.999420 extrap 13.011196550217 err 1.184e-03 vs JSON, max rel 0.0e+00
PASS  K6 room b W=1: p 2.000226 extrap 4.038197480573 err 3.190e-04 vs JSON, max rel 0.0e+00
PASS  K6 room b W=7/5: p 2.000371 extrap 2.380875542763 err 1.842e-04 vs JSON, max rel 0.0e+00
PASS  K6 room b W=3/2: p 2.000314 extrap 2.143820313410 err 1.658e-04 vs JSON, max rel 0.0e+00
PASS  K6 room b W=pi/2: p 2.000203 extrap 2.000000050300 err 1.548e-04 vs JSON, max rel 0.0e+00
PASS  K6 room b W=17/10: p 1.999706 extrap 1.777769907611 err 1.382e-04 vs JSON, max rel 0.0e+00
[planted] FAIL  K6 room a W=7/5 with levels 1,2,3: extrap 2.380876394618 vs JSON 2.380875542763
PASS  K7 V3 room a W=1/4: extrap 45.761589281931 vs mine 45.761602911538, rel -2.978e-07
PASS  K7 V3 room a W=1/2: extrap 13.011196550217 vs mine 13.011197054679, rel -3.877e-08
PASS  K7 V3 room a W=1: extrap 4.038197480573 vs mine 4.038197427067, rel +1.325e-08
PASS  K7 V3 room a W=7/5: extrap 2.380875542763 vs mine 2.380875488666, rel +2.272e-08
PASS  K7 V3 room a W=3/2: extrap 2.143820313411 vs mine 2.143820262429, rel +2.378e-08
PASS  K7 V3 room a W=pi/2: extrap 2.000000050300 vs mine 2.000000000000, rel +2.515e-08
PASS  K7 V3 room a W=17/10: extrap 1.777769907611 vs mine 1.777769846306, rel +3.448e-08
PASS  K7 V3 room b W=1/4: extrap 45.761589281931 vs mine 45.761602911538, rel -2.978e-07
PASS  K7 V3 room b W=1/2: extrap 13.011196550217 vs mine 13.011197054679, rel -3.877e-08
PASS  K7 V3 room b W=1: extrap 4.038197480573 vs mine 4.038197427067, rel +1.325e-08
PASS  K7 V3 room b W=7/5: extrap 2.380875542763 vs mine 2.380875488666, rel +2.272e-08
PASS  K7 V3 room b W=3/2: extrap 2.143820313410 vs mine 2.143820262429, rel +2.378e-08
PASS  K7 V3 room b W=pi/2: extrap 2.000000050300 vs mine 2.000000000000, rel +2.515e-08
PASS  K7 V3 room b W=17/10: extrap 1.777769907611 vs mine 1.777769846306, rel +3.448e-08
[planted] FAIL  K7 V3 planted room bottom 1.781325385999 vs mine 1.777769846306
A vs B W=1/4: max rel over levels 1.6e-14, extrap rel +1.6e-16
A vs B W=1/2: max rel over levels 2.7e-14, extrap rel +8.9e-15
A vs B W=1: max rel over levels 2.3e-14, extrap rel -4.6e-14
A vs B W=7/5: max rel over levels 5.4e-14, extrap rel +7.9e-14
A vs B W=3/2: max rel over levels 6.4e-14, extrap rel +1.4e-13
A vs B W=pi/2: max rel over levels 5.6e-14, extrap rel -5.9e-14
A vs B W=17/10: max rel over levels 8.2e-14, extrap rel -2.1e-13
checks: 238 PASS, 0 FAIL; planted defects fired: {'K1_cubic_grading': True, 'K2_a_periodic_seam': True, 'K2_b_periodic_seam': True, 'K4_missed_lam1': True, 'K3_shifted_eigenvalue': True, 'K5_altered_json': True, 'K6_wrong_levels': True, 'K7_offset_2e-3': True}
